Component: Arm Compiler for Embedded 6.19 Tool: armlink [5e73cb00]

==============================================================================

Section Cross References

    startup_tm4c123.o(STACK) refers (Special) to heapauxi.o(.text) for __use_two_region_memory
    startup_tm4c123.o(HEAP) refers (Special) to heapauxi.o(.text) for __use_two_region_memory
    startup_tm4c123.o(RESET) refers (Special) to heapauxi.o(.text) for __use_two_region_memory
    startup_tm4c123.o(RESET) refers to startup_tm4c123.o(STACK) for __initial_sp
    startup_tm4c123.o(RESET) refers to startup_tm4c123.o(.text) for Reset_Handler
    startup_tm4c123.o(RESET) refers to main.o(.text) for TIMER3A_Handler
    startup_tm4c123.o(RESET) refers to texas.o(.text) for TIMER5A_Handler
    startup_tm4c123.o(.text) refers (Special) to heapauxi.o(.text) for __use_two_region_memory
    startup_tm4c123.o(.text) refers to __main.o(!!!main) for __main
    startup_tm4c123.o(.text) refers to startup_tm4c123.o(HEAP) for Heap_Mem
    startup_tm4c123.o(.text) refers to startup_tm4c123.o(STACK) for Stack_Mem
    main.o(.text) refers to startup_tm4c123.o(.text) for DisableInterrupts
    main.o(.text) refers to texas.o(.text) for TExaS_Init()
    main.o(.text) refers to slidepot.o(.text) for ADC_Init()
    main.o(.text) refers to main.o(.bss.Data) for Data
    main.o(.text) refers to st7735.o(.text) for ST7735_InitR(initRFlags)
    main.o(.text) refers to main.o(.bss.startTime) for startTime
    main.o(.text) refers to main.o(.bss.stopTime) for stopTime
    main.o(.text) refers to main.o(.rodata.str1.1) for .L.str
    main.o(.text) refers to main.o(.bss.OutDectime) for OutDectime
    main.o(.text) refers to main.o(.bss.ADCtime) for ADCtime
    main.o(.text) refers to main.o(.bss.Position) for Position
    main.o(.text) refers to main.o(.bss.Sensor) for Sensor
    main.o(.text) refers to main.o(.bss.Converttime) for Converttime
    main.o(.text) refers to main.o(.bss.OutFixtime) for OutFixtime
    main.o(.text) refers to main.o(.bss.Center) for Center
    main.o(.text) refers to main.o(.bss.Histogram) for Histogram
    main.o(.text) refers to rt_memclr_w.o(.text) for __aeabi_memclr4
    main.o(.ARM.exidx) refers to main.o(.text) for [Anonymous Symbol]
    main.o(.init_array) refers to main.o(.text) for _GLOBAL__sub_I_main.cpp
    pll.o(.ARM.exidx) refers to pll.o(.text) for [Anonymous Symbol]
    st7735.o(.text) refers to st7735.o(.rodata._ZL4Bcmd) for Bcmd
    st7735.o(.text) refers to st7735.o(.bss.StX) for StX
    st7735.o(.text) refers to st7735.o(.bss.StY) for StY
    st7735.o(.text) refers to st7735.o(.data.StTextColor) for StTextColor
    st7735.o(.text) refers to st7735.o(.bss._ZL6_width) for _width
    st7735.o(.text) refers to st7735.o(.bss._ZL7_height) for _height
    st7735.o(.text) refers to st7735.o(.bss._ZL8RowStart) for RowStart
    st7735.o(.text) refers to st7735.o(.bss._ZL8ColStart) for ColStart
    st7735.o(.text) refers to st7735.o(.rodata._ZL5Rcmd1) for Rcmd1
    st7735.o(.text) refers to st7735.o(.rodata._ZL10Rcmd2green) for Rcmd2green
    st7735.o(.text) refers to st7735.o(.rodata._ZL8Rcmd2red) for Rcmd2red
    st7735.o(.text) refers to st7735.o(.rodata._ZL5Rcmd3) for Rcmd3
    st7735.o(.text) refers to st7735.o(.bss._ZL8TabColor) for TabColor
    st7735.o(.text) refers to st7735.o(.rodata._ZL11smallCircle) for smallCircle
    st7735.o(.text) refers to st7735.o(.rodata._ZL6circle) for circle
    st7735.o(.text) refers to st7735.o(.rodata._ZL4Font) for Font
    st7735.o(.text) refers to st7735.o(.bss.Messageindex) for Messageindex
    st7735.o(.text) refers to st7735.o(.bss.Message) for Message
    st7735.o(.text) refers to st7735.o(.rodata.str1.1) for .L.str
    st7735.o(.text) refers to st7735.o(.bss.Ymax) for Ymax
    st7735.o(.text) refers to st7735.o(.bss.Ymin) for Ymin
    st7735.o(.text) refers to st7735.o(.bss.Yrange) for Yrange
    st7735.o(.text) refers to st7735.o(.bss.X) for X
    st7735.o(.text) refers to st7735.o(.bss.lastj) for lastj
    st7735.o(.text) refers to st7735.o(.rodata._ZL4dBfs) for dBfs
    st7735.o(.ARM.exidx) refers to st7735.o(.text) for [Anonymous Symbol]
    slidepot.o(.text) refers to slidepot.o(.bss.delay) for delay
    slidepot.o(.ARM.exidx) refers to slidepot.o(.text) for [Anonymous Symbol]
    texas.o(.text) refers to pll.o(.text) for PLL_Init(unsigned int)
    texas.o(.ARM.exidx) refers to texas.o(.text) for [Anonymous Symbol]
    __main.o(!!!main) refers to __rtentry.o(.ARM.Collect$$rtentry$$00000000) for __rt_entry
    init_aeabi.o(.emb_text) refers (Special) to libinit2.o(.ARM.Collect$$libinit$$00000033) for __rt_lib_init_cpp_2
    init_aeabi.o(.init_array) refers (Special) to libinit2.o(.ARM.Collect$$libinit$$00000033) for __rt_lib_init_cpp_2
    init_aeabi.o(.dummy_text) refers (Special) to libinit2.o(.ARM.Collect$$libinit$$00000033) for __rt_lib_init_cpp_2
    init_aeabi.o(.text) refers (Special) to libinit2.o(.ARM.Collect$$libinit$$00000033) for __rt_lib_init_cpp_2
    init_aeabi.o(.ARM.exidx) refers (Special) to libinit2.o(.ARM.Collect$$libinit$$00000033) for __rt_lib_init_cpp_2
    init_aeabi.o(.ARM.exidx) refers to init_aeabi.o(.text) for .text
    __rtentry.o(.ARM.Collect$$rtentry$$00000000) refers (Special) to __rtentry2.o(.ARM.Collect$$rtentry$$0000000A) for __rt_entry_li
    __rtentry.o(.ARM.Collect$$rtentry$$00000000) refers (Special) to __rtentry2.o(.ARM.Collect$$rtentry$$0000000D) for __rt_entry_main
    __rtentry.o(.ARM.Collect$$rtentry$$00000000) refers (Special) to __rtentry2.o(.ARM.Collect$$rtentry$$0000000C) for __rt_entry_postli_1
    __rtentry.o(.ARM.Collect$$rtentry$$00000000) refers (Special) to __rtentry2.o(.ARM.Collect$$rtentry$$00000009) for __rt_entry_postsh_1
    __rtentry.o(.ARM.Collect$$rtentry$$00000000) refers (Special) to __rtentry2.o(.ARM.Collect$$rtentry$$00000002) for __rt_entry_presh_1
    __rtentry.o(.ARM.Collect$$rtentry$$00000000) refers (Special) to __rtentry4.o(.ARM.Collect$$rtentry$$00000004) for __rt_entry_sh
    libinit2.o(.ARM.Collect$$libinit$$00000012) refers to libinit2.o(.ARM.Collect$$libinit$$00000011) for .ARM.Collect$$libinit$$00000011
    libinit2.o(.ARM.Collect$$libinit$$00000014) refers to libinit2.o(.ARM.Collect$$libinit$$00000011) for .ARM.Collect$$libinit$$00000011
    libinit2.o(.ARM.Collect$$libinit$$00000016) refers to libinit2.o(.ARM.Collect$$libinit$$00000011) for .ARM.Collect$$libinit$$00000011
    libinit2.o(.ARM.Collect$$libinit$$00000018) refers to libinit2.o(.ARM.Collect$$libinit$$00000011) for .ARM.Collect$$libinit$$00000011
    libinit2.o(.ARM.Collect$$libinit$$0000001A) refers to libinit2.o(.ARM.Collect$$libinit$$00000011) for .ARM.Collect$$libinit$$00000011
    libinit2.o(.ARM.Collect$$libinit$$00000028) refers to argv_veneer.o(.emb_text) for __ARM_argv_veneer
    libinit2.o(.ARM.Collect$$libinit$$00000029) refers to argv_veneer.o(.emb_text) for __ARM_argv_veneer
    libinit2.o(.ARM.Collect$$libinit$$00000033) refers (Weak) to init_aeabi.o(.text) for __cpp_initialize__aeabi_
    __rtentry2.o(.ARM.Collect$$rtentry$$00000008) refers to boardinit2.o(.text) for _platform_post_stackheap_init
    __rtentry2.o(.ARM.Collect$$rtentry$$0000000A) refers to libinit.o(.ARM.Collect$$libinit$$00000000) for __rt_lib_init
    __rtentry2.o(.ARM.Collect$$rtentry$$0000000B) refers to boardinit3.o(.text) for _platform_post_lib_init
    __rtentry2.o(.ARM.Collect$$rtentry$$0000000D) refers to main.o(.text) for main
    __rtentry2.o(.ARM.Collect$$rtentry$$0000000D) refers to exit.o(.text) for exit
    __rtentry2.o(.ARM.exidx) refers to __rtentry2.o(.ARM.Collect$$rtentry$$00000001) for .ARM.Collect$$rtentry$$00000001
    __rtentry2.o(.ARM.exidx) refers to __rtentry2.o(.ARM.Collect$$rtentry$$00000008) for .ARM.Collect$$rtentry$$00000008
    __rtentry2.o(.ARM.exidx) refers to __rtentry2.o(.ARM.Collect$$rtentry$$0000000A) for .ARM.Collect$$rtentry$$0000000A
    __rtentry2.o(.ARM.exidx) refers to __rtentry2.o(.ARM.Collect$$rtentry$$0000000B) for .ARM.Collect$$rtentry$$0000000B
    __rtentry2.o(.ARM.exidx) refers to __rtentry2.o(.ARM.Collect$$rtentry$$0000000D) for .ARM.Collect$$rtentry$$0000000D
    __rtentry4.o(.ARM.Collect$$rtentry$$00000004) refers to sys_stackheap_outer.o(.text) for __user_setup_stackheap
    __rtentry4.o(.ARM.exidx) refers to __rtentry4.o(.ARM.Collect$$rtentry$$00000004) for .ARM.Collect$$rtentry$$00000004
    argv_veneer.o(.emb_text) refers to no_argv.o(.text) for __ARM_get_argv
    sys_stackheap_outer.o(.text) refers to libspace.o(.text) for __user_perproc_libspace
    sys_stackheap_outer.o(.text) refers to startup_tm4c123.o(.text) for __user_initial_stackheap
    exit.o(.text) refers to rtexit.o(.ARM.Collect$$rtexit$$00000000) for __rt_exit
    _get_argv_nomalloc.o(.text) refers (Special) to hrguard.o(.text) for __heap_region$guard
    _get_argv_nomalloc.o(.text) refers to defsig_rtmem_outer.o(.text) for __rt_SIGRTMEM
    _get_argv_nomalloc.o(.text) refers to sys_command.o(.text) for _sys_command_string
    libinit.o(.ARM.Collect$$libinit$$00000000) refers (Special) to libinit2.o(.ARM.Collect$$libinit$$00000030) for __rt_lib_init_alloca_1
    libinit.o(.ARM.Collect$$libinit$$00000000) refers (Special) to libinit2.o(.ARM.Collect$$libinit$$0000002E) for __rt_lib_init_argv_1
    libinit.o(.ARM.Collect$$libinit$$00000000) refers (Special) to libinit2.o(.ARM.Collect$$libinit$$0000001D) for __rt_lib_init_atexit_1
    libinit.o(.ARM.Collect$$libinit$$00000000) refers (Special) to libinit2.o(.ARM.Collect$$libinit$$00000023) for __rt_lib_init_clock_1
    libinit.o(.ARM.Collect$$libinit$$00000000) refers (Special) to libinit2.o(.ARM.Collect$$libinit$$00000034) for __rt_lib_init_cpp_1
    libinit.o(.ARM.Collect$$libinit$$00000000) refers (Special) to libinit2.o(.ARM.Collect$$libinit$$00000032) for __rt_lib_init_exceptions_1
    libinit.o(.ARM.Collect$$libinit$$00000000) refers (Special) to libinit2.o(.ARM.Collect$$libinit$$00000002) for __rt_lib_init_fp_1
    libinit.o(.ARM.Collect$$libinit$$00000000) refers (Special) to libinit2.o(.ARM.Collect$$libinit$$00000021) for __rt_lib_init_fp_trap_1
    libinit.o(.ARM.Collect$$libinit$$00000000) refers (Special) to libinit2.o(.ARM.Collect$$libinit$$00000025) for __rt_lib_init_getenv_1
    libinit.o(.ARM.Collect$$libinit$$00000000) refers (Special) to libinit2.o(.ARM.Collect$$libinit$$0000000C) for __rt_lib_init_heap_1
    libinit.o(.ARM.Collect$$libinit$$00000000) refers (Special) to libinit2.o(.ARM.Collect$$libinit$$00000013) for __rt_lib_init_lc_collate_1
    libinit.o(.ARM.Collect$$libinit$$00000000) refers (Special) to libinit2.o(.ARM.Collect$$libinit$$00000015) for __rt_lib_init_lc_ctype_1
    libinit.o(.ARM.Collect$$libinit$$00000000) refers (Special) to libinit2.o(.ARM.Collect$$libinit$$00000017) for __rt_lib_init_lc_monetary_1
    libinit.o(.ARM.Collect$$libinit$$00000000) refers (Special) to libinit2.o(.ARM.Collect$$libinit$$00000019) for __rt_lib_init_lc_numeric_1
    libinit.o(.ARM.Collect$$libinit$$00000000) refers (Special) to libinit2.o(.ARM.Collect$$libinit$$0000001B) for __rt_lib_init_lc_time_1
    libinit.o(.ARM.Collect$$libinit$$00000000) refers (Special) to libinit2.o(.ARM.Collect$$libinit$$00000006) for __rt_lib_init_preinit_1
    libinit.o(.ARM.Collect$$libinit$$00000000) refers (Special) to libinit2.o(.ARM.Collect$$libinit$$00000010) for __rt_lib_init_rand_1
    libinit.o(.ARM.Collect$$libinit$$00000000) refers (Special) to libinit2.o(.ARM.Collect$$libinit$$00000004) for __rt_lib_init_relocate_pie_1
    libinit.o(.ARM.Collect$$libinit$$00000000) refers (Special) to libinit2.o(.ARM.Collect$$libinit$$00000035) for __rt_lib_init_return
    libinit.o(.ARM.Collect$$libinit$$00000000) refers (Special) to libinit2.o(.ARM.Collect$$libinit$$0000001F) for __rt_lib_init_signal_1
    libinit.o(.ARM.Collect$$libinit$$00000000) refers (Special) to libinit2.o(.ARM.Collect$$libinit$$00000027) for __rt_lib_init_stdio_1
    libinit.o(.ARM.Collect$$libinit$$00000000) refers (Special) to libinit2.o(.ARM.Collect$$libinit$$0000000E) for __rt_lib_init_user_alloc_1
    sys_command.o(.text) refers (Special) to use_no_semi.o(.text) for __I$use$semihosting
    sys_command.o(.text) refers (Special) to indicate_semi.o(.text) for __semihosting_library_function
    sys_command_hlt.o(.text) refers (Special) to use_no_semi.o(.text) for __I$use$semihosting
    sys_command_hlt.o(.text) refers (Special) to indicate_semi.o(.text) for __semihosting_library_function
    libspace.o(.text) refers to libspace.o(.bss) for __libspace_start
    rtexit.o(.ARM.Collect$$rtexit$$00000000) refers (Special) to rtexit2.o(.ARM.Collect$$rtexit$$00000004) for __rt_exit_exit
    rtexit.o(.ARM.Collect$$rtexit$$00000000) refers (Special) to rtexit2.o(.ARM.Collect$$rtexit$$00000003) for __rt_exit_ls
    rtexit.o(.ARM.Collect$$rtexit$$00000000) refers (Special) to rtexit2.o(.ARM.Collect$$rtexit$$00000002) for __rt_exit_prels_1
    rtexit.o(.ARM.exidx) refers (Special) to rtexit2.o(.ARM.Collect$$rtexit$$00000004) for __rt_exit_exit
    rtexit.o(.ARM.exidx) refers (Special) to rtexit2.o(.ARM.Collect$$rtexit$$00000003) for __rt_exit_ls
    rtexit.o(.ARM.exidx) refers (Special) to rtexit2.o(.ARM.Collect$$rtexit$$00000002) for __rt_exit_prels_1
    rtexit.o(.ARM.exidx) refers to rtexit.o(.ARM.Collect$$rtexit$$00000000) for .ARM.Collect$$rtexit$$00000000
    defsig_rtmem_outer.o(.text) refers to defsig_rtmem_inner.o(.text) for __rt_SIGRTMEM_inner
    defsig_rtmem_outer.o(.text) refers to defsig_exit.o(.text) for __sig_exit
    defsig_rtmem_formal.o(.text) refers to rt_raise.o(.text) for __rt_raise
    rtexit2.o(.ARM.Collect$$rtexit$$00000003) refers to libshutdown.o(.ARM.Collect$$libshutdown$$00000000) for __rt_lib_shutdown
    rtexit2.o(.ARM.Collect$$rtexit$$00000004) refers to sys_exit.o(.text) for _sys_exit
    rtexit2.o(.ARM.exidx) refers to rtexit2.o(.ARM.Collect$$rtexit$$00000001) for .ARM.Collect$$rtexit$$00000001
    rtexit2.o(.ARM.exidx) refers to rtexit2.o(.ARM.Collect$$rtexit$$00000003) for .ARM.Collect$$rtexit$$00000003
    rtexit2.o(.ARM.exidx) refers to rtexit2.o(.ARM.Collect$$rtexit$$00000004) for .ARM.Collect$$rtexit$$00000004
    rt_raise.o(.text) refers to __raise.o(.text) for __raise
    rt_raise.o(.text) refers to sys_exit.o(.text) for _sys_exit
    defsig_exit.o(.text) refers to sys_exit.o(.text) for _sys_exit
    defsig_rtmem_inner.o(.text) refers to defsig_general.o(.text) for __default_signal_display
    sys_exit.o(.text) refers (Special) to use_no_semi.o(.text) for __I$use$semihosting
    sys_exit.o(.text) refers (Special) to indicate_semi.o(.text) for __semihosting_library_function
    sys_exit_hlt.o(.text) refers (Special) to use_no_semi.o(.text) for __I$use$semihosting
    sys_exit_hlt.o(.text) refers (Special) to indicate_semi.o(.text) for __semihosting_library_function
    __raise.o(.text) refers to defsig.o(CL$$defsig) for __default_signal_handler
    defsig_general.o(.text) refers to sys_wrch.o(.text) for _ttywrch
    libshutdown.o(.ARM.Collect$$libshutdown$$00000000) refers (Special) to libshutdown2.o(.ARM.Collect$$libshutdown$$00000002) for __rt_lib_shutdown_cpp_1
    libshutdown.o(.ARM.Collect$$libshutdown$$00000000) refers (Special) to libshutdown2.o(.ARM.Collect$$libshutdown$$00000007) for __rt_lib_shutdown_fp_trap_1
    libshutdown.o(.ARM.Collect$$libshutdown$$00000000) refers (Special) to libshutdown2.o(.ARM.Collect$$libshutdown$$0000000F) for __rt_lib_shutdown_heap_1
    libshutdown.o(.ARM.Collect$$libshutdown$$00000000) refers (Special) to libshutdown2.o(.ARM.Collect$$libshutdown$$00000010) for __rt_lib_shutdown_return
    libshutdown.o(.ARM.Collect$$libshutdown$$00000000) refers (Special) to libshutdown2.o(.ARM.Collect$$libshutdown$$0000000A) for __rt_lib_shutdown_signal_1
    libshutdown.o(.ARM.Collect$$libshutdown$$00000000) refers (Special) to libshutdown2.o(.ARM.Collect$$libshutdown$$00000004) for __rt_lib_shutdown_stdio_1
    libshutdown.o(.ARM.Collect$$libshutdown$$00000000) refers (Special) to libshutdown2.o(.ARM.Collect$$libshutdown$$0000000C) for __rt_lib_shutdown_user_alloc_1
    sys_wrch.o(.text) refers (Special) to use_no_semi.o(.text) for __I$use$semihosting
    sys_wrch.o(.text) refers (Special) to indicate_semi.o(.text) for __semihosting_library_function
    sys_wrch_hlt.o(.text) refers (Special) to use_no_semi.o(.text) for __I$use$semihosting
    sys_wrch_hlt.o(.text) refers (Special) to indicate_semi.o(.text) for __semihosting_library_function
    defsig.o(CL$$defsig) refers to defsig_rtmem_inner.o(.text) for __rt_SIGRTMEM_inner
    defsig_abrt_inner.o(.text) refers to defsig_general.o(.text) for __default_signal_display
    defsig_fpe_inner.o(.text) refers to defsig_general.o(.text) for __default_signal_display
    defsig_rtred_inner.o(.text) refers to defsig_general.o(.text) for __default_signal_display
    defsig_stak_inner.o(.text) refers to defsig_general.o(.text) for __default_signal_display
    defsig_pvfn_inner.o(.text) refers to defsig_general.o(.text) for __default_signal_display
    defsig_cppl_inner.o(.text) refers to defsig_general.o(.text) for __default_signal_display
    defsig_segv_inner.o(.text) refers to defsig_general.o(.text) for __default_signal_display
    defsig_other.o(.text) refers to defsig_general.o(.text) for __default_signal_display


==============================================================================

Removing Unused input sections from the image.

    Removing main.o(.ARM.exidx), (80 bytes).
    Removing main.o(.bss.data), (4 bytes).
    Removing main.o(.ARM.use_no_argv), (4 bytes).
    Removing pll.o(.ARM.exidx), (8 bytes).
    Removing st7735.o(.ARM.exidx), (328 bytes).
    Removing slidepot.o(.ARM.exidx), (64 bytes).
    Removing texas.o(.ARM.exidx), (40 bytes).

7 unused section(s) (total 528 bytes) removed from the image.

==============================================================================

Image Symbol Table

    Local Symbols

    Symbol Name                              Value     Ov Type        Size  Object(Section)

    ../clib/angel/boardlib.s                 0x00000000   Number         0  boardinit1.o ABSOLUTE
    ../clib/angel/boardlib.s                 0x00000000   Number         0  boardinit2.o ABSOLUTE
    ../clib/angel/boardlib.s                 0x00000000   Number         0  boardinit3.o ABSOLUTE
    ../clib/angel/boardlib.s                 0x00000000   Number         0  boardshut.o ABSOLUTE
    ../clib/angel/handlers.s                 0x00000000   Number         0  __scatter_copy.o ABSOLUTE
    ../clib/angel/handlers.s                 0x00000000   Number         0  __scatter_zi.o ABSOLUTE
    ../clib/angel/kernel.s                   0x00000000   Number         0  __rtentry.o ABSOLUTE
    ../clib/angel/kernel.s                   0x00000000   Number         0  __rtentry2.o ABSOLUTE
    ../clib/angel/kernel.s                   0x00000000   Number         0  __rtentry4.o ABSOLUTE
    ../clib/angel/kernel.s                   0x00000000   Number         0  rtexit.o ABSOLUTE
    ../clib/angel/kernel.s                   0x00000000   Number         0  rtexit2.o ABSOLUTE
    ../clib/angel/rt.s                       0x00000000   Number         0  rt_raise.o ABSOLUTE
    ../clib/angel/scatter.s                  0x00000000   Number         0  __scatter.o ABSOLUTE
    ../clib/angel/startup.s                  0x00000000   Number         0  __main.o ABSOLUTE
    ../clib/angel/sys.s                      0x00000000   Number         0  sys_stackheap_outer.o ABSOLUTE
    ../clib/angel/sys.s                      0x00000000   Number         0  libspace.o ABSOLUTE
    ../clib/angel/sys.s                      0x00000000   Number         0  use_no_semi.o ABSOLUTE
    ../clib/angel/sys.s                      0x00000000   Number         0  indicate_semi.o ABSOLUTE
    ../clib/angel/sysapp.c                   0x00000000   Number         0  sys_command.o ABSOLUTE
    ../clib/angel/sysapp.c                   0x00000000   Number         0  sys_command_hlt.o ABSOLUTE
    ../clib/angel/sysapp.c                   0x00000000   Number         0  sys_exit.o ABSOLUTE
    ../clib/angel/sysapp.c                   0x00000000   Number         0  sys_exit_hlt.o ABSOLUTE
    ../clib/angel/sysapp.c                   0x00000000   Number         0  sys_wrch.o ABSOLUTE
    ../clib/angel/sysapp.c                   0x00000000   Number         0  sys_wrch_hlt.o ABSOLUTE
    ../clib/arm_runtime.c                    0x00000000   Number         0  init_aeabi.o ABSOLUTE
    ../clib/arm_runtime.c                    0x00000000   Number         0  init_aeabi.o ABSOLUTE
    ../clib/armsys.c                         0x00000000   Number         0  argv_veneer.o ABSOLUTE
    ../clib/armsys.c                         0x00000000   Number         0  argv_veneer.o ABSOLUTE
    ../clib/armsys.c                         0x00000000   Number         0  _get_argv_nomalloc.o ABSOLUTE
    ../clib/armsys.c                         0x00000000   Number         0  no_argv.o ABSOLUTE
    ../clib/heapalloc.c                      0x00000000   Number         0  hrguard.o ABSOLUTE
    ../clib/heapaux.c                        0x00000000   Number         0  heapauxi.o ABSOLUTE
    ../clib/libinit.s                        0x00000000   Number         0  libinit2.o ABSOLUTE
    ../clib/libinit.s                        0x00000000   Number         0  libinit.o ABSOLUTE
    ../clib/libinit.s                        0x00000000   Number         0  libshutdown.o ABSOLUTE
    ../clib/libinit.s                        0x00000000   Number         0  libshutdown2.o ABSOLUTE
    ../clib/memcpset.s                       0x00000000   Number         0  rt_memclr_w.o ABSOLUTE
    ../clib/r_arm_target.c                   0x00000000   Number         0  __ARM_resolve_target1.o ABSOLUTE
    ../clib/r_arm_target.c                   0x00000000   Number         0  __ARM_resolve_target1_abs32.o ABSOLUTE
    ../clib/signal.c                         0x00000000   Number         0  defsig_rtmem_outer.o ABSOLUTE
    ../clib/signal.c                         0x00000000   Number         0  defsig_rtmem_formal.o ABSOLUTE
    ../clib/signal.c                         0x00000000   Number         0  defsig_exit.o ABSOLUTE
    ../clib/signal.c                         0x00000000   Number         0  defsig_rtmem_inner.o ABSOLUTE
    ../clib/signal.c                         0x00000000   Number         0  __raise.o ABSOLUTE
    ../clib/signal.c                         0x00000000   Number         0  defsig_general.o ABSOLUTE
    ../clib/signal.c                         0x00000000   Number         0  defsig_abrt_inner.o ABSOLUTE
    ../clib/signal.c                         0x00000000   Number         0  defsig_fpe_inner.o ABSOLUTE
    ../clib/signal.c                         0x00000000   Number         0  defsig_rtred_inner.o ABSOLUTE
    ../clib/signal.c                         0x00000000   Number         0  defsig_stak_inner.o ABSOLUTE
    ../clib/signal.c                         0x00000000   Number         0  defsig_pvfn_inner.o ABSOLUTE
    ../clib/signal.c                         0x00000000   Number         0  defsig_cppl_inner.o ABSOLUTE
    ../clib/signal.c                         0x00000000   Number         0  defsig_segv_inner.o ABSOLUTE
    ../clib/signal.c                         0x00000000   Number         0  defsig_other.o ABSOLUTE
    ../clib/signal.s                         0x00000000   Number         0  defsig.o ABSOLUTE
    ../clib/stdlib.c                         0x00000000   Number         0  exit.o ABSOLUTE
    ../fplib/fpinit.s                        0x00000000   Number         0  fpinit.o ABSOLUTE
    ../fplib/fpinit_empty.s                  0x00000000   Number         0  fpinit_empty.o ABSOLUTE
    PLL.cpp                                  0x00000000   Number         0  pll.o ABSOLUTE
    ST7735.cpp                               0x00000000   Number         0  st7735.o ABSOLUTE
    SlidePot.cpp                             0x00000000   Number         0  slidepot.o ABSOLUTE
    TExaS.cpp                                0x00000000   Number         0  texas.o ABSOLUTE
    dc.s                                     0x00000000   Number         0  dc.o ABSOLUTE
    main.cpp                                 0x00000000   Number         0  main.o ABSOLUTE
    startup_TM4C123.s                        0x00000000   Number         0  startup_tm4c123.o ABSOLUTE
    RESET                                    0x00000000   Section      620  startup_tm4c123.o(RESET)
    !!!main                                  0x0000026c   Section        8  __main.o(!!!main)
    !!!scatter                               0x00000274   Section       52  __scatter.o(!!!scatter)
    !!handler_copy                           0x000002a8   Section       26  __scatter_copy.o(!!handler_copy)
    !!handler_zi                             0x000002c4   Section       28  __scatter_zi.o(!!handler_zi)
    .ARM.Collect$$libinit$$00000000          0x000002e0   Section        2  libinit.o(.ARM.Collect$$libinit$$00000000)
    .ARM.Collect$$libinit$$00000002          0x000002e2   Section        0  libinit2.o(.ARM.Collect$$libinit$$00000002)
    .ARM.Collect$$libinit$$00000004          0x000002e2   Section        0  libinit2.o(.ARM.Collect$$libinit$$00000004)
    .ARM.Collect$$libinit$$00000006          0x000002e2   Section        0  libinit2.o(.ARM.Collect$$libinit$$00000006)
    .ARM.Collect$$libinit$$0000000C          0x000002e2   Section        0  libinit2.o(.ARM.Collect$$libinit$$0000000C)
    .ARM.Collect$$libinit$$0000000E          0x000002e2   Section        0  libinit2.o(.ARM.Collect$$libinit$$0000000E)
    .ARM.Collect$$libinit$$00000010          0x000002e2   Section        0  libinit2.o(.ARM.Collect$$libinit$$00000010)
    .ARM.Collect$$libinit$$00000013          0x000002e2   Section        0  libinit2.o(.ARM.Collect$$libinit$$00000013)
    .ARM.Collect$$libinit$$00000015          0x000002e2   Section        0  libinit2.o(.ARM.Collect$$libinit$$00000015)
    .ARM.Collect$$libinit$$00000017          0x000002e2   Section        0  libinit2.o(.ARM.Collect$$libinit$$00000017)
    .ARM.Collect$$libinit$$00000019          0x000002e2   Section        0  libinit2.o(.ARM.Collect$$libinit$$00000019)
    .ARM.Collect$$libinit$$0000001B          0x000002e2   Section        0  libinit2.o(.ARM.Collect$$libinit$$0000001B)
    .ARM.Collect$$libinit$$0000001D          0x000002e2   Section        0  libinit2.o(.ARM.Collect$$libinit$$0000001D)
    .ARM.Collect$$libinit$$0000001F          0x000002e2   Section        0  libinit2.o(.ARM.Collect$$libinit$$0000001F)
    .ARM.Collect$$libinit$$00000021          0x000002e2   Section        0  libinit2.o(.ARM.Collect$$libinit$$00000021)
    .ARM.Collect$$libinit$$00000023          0x000002e2   Section        0  libinit2.o(.ARM.Collect$$libinit$$00000023)
    .ARM.Collect$$libinit$$00000025          0x000002e2   Section        0  libinit2.o(.ARM.Collect$$libinit$$00000025)
    .ARM.Collect$$libinit$$00000027          0x000002e2   Section        0  libinit2.o(.ARM.Collect$$libinit$$00000027)
    .ARM.Collect$$libinit$$0000002E          0x000002e2   Section        0  libinit2.o(.ARM.Collect$$libinit$$0000002E)
    .ARM.Collect$$libinit$$00000030          0x000002e2   Section        0  libinit2.o(.ARM.Collect$$libinit$$00000030)
    .ARM.Collect$$libinit$$00000032          0x000002e2   Section        0  libinit2.o(.ARM.Collect$$libinit$$00000032)
    .ARM.Collect$$libinit$$00000033          0x000002e2   Section        4  libinit2.o(.ARM.Collect$$libinit$$00000033)
    .ARM.Collect$$libinit$$00000034          0x000002e6   Section        0  libinit2.o(.ARM.Collect$$libinit$$00000034)
    .ARM.Collect$$libinit$$00000035          0x000002e6   Section        2  libinit2.o(.ARM.Collect$$libinit$$00000035)
    .ARM.Collect$$libshutdown$$00000000      0x000002e8   Section        2  libshutdown.o(.ARM.Collect$$libshutdown$$00000000)
    .ARM.Collect$$libshutdown$$00000002      0x000002ea   Section        0  libshutdown2.o(.ARM.Collect$$libshutdown$$00000002)
    .ARM.Collect$$libshutdown$$00000004      0x000002ea   Section        0  libshutdown2.o(.ARM.Collect$$libshutdown$$00000004)
    .ARM.Collect$$libshutdown$$00000007      0x000002ea   Section        0  libshutdown2.o(.ARM.Collect$$libshutdown$$00000007)
    .ARM.Collect$$libshutdown$$0000000A      0x000002ea   Section        0  libshutdown2.o(.ARM.Collect$$libshutdown$$0000000A)
    .ARM.Collect$$libshutdown$$0000000C      0x000002ea   Section        0  libshutdown2.o(.ARM.Collect$$libshutdown$$0000000C)
    .ARM.Collect$$libshutdown$$0000000F      0x000002ea   Section        0  libshutdown2.o(.ARM.Collect$$libshutdown$$0000000F)
    .ARM.Collect$$libshutdown$$00000010      0x000002ea   Section        2  libshutdown2.o(.ARM.Collect$$libshutdown$$00000010)
    .ARM.Collect$$rtentry$$00000000          0x000002ec   Section        0  __rtentry.o(.ARM.Collect$$rtentry$$00000000)
    .ARM.Collect$$rtentry$$00000002          0x000002ec   Section        0  __rtentry2.o(.ARM.Collect$$rtentry$$00000002)
    .ARM.Collect$$rtentry$$00000004          0x000002ec   Section        6  __rtentry4.o(.ARM.Collect$$rtentry$$00000004)
    .ARM.Collect$$rtentry$$00000009          0x000002f2   Section        0  __rtentry2.o(.ARM.Collect$$rtentry$$00000009)
    .ARM.Collect$$rtentry$$0000000A          0x000002f2   Section        4  __rtentry2.o(.ARM.Collect$$rtentry$$0000000A)
    .ARM.Collect$$rtentry$$0000000C          0x000002f6   Section        0  __rtentry2.o(.ARM.Collect$$rtentry$$0000000C)
    .ARM.Collect$$rtentry$$0000000D          0x000002f6   Section        8  __rtentry2.o(.ARM.Collect$$rtentry$$0000000D)
    .ARM.Collect$$rtexit$$00000000           0x000002fe   Section        2  rtexit.o(.ARM.Collect$$rtexit$$00000000)
    .ARM.Collect$$rtexit$$00000002           0x00000300   Section        0  rtexit2.o(.ARM.Collect$$rtexit$$00000002)
    .ARM.Collect$$rtexit$$00000003           0x00000300   Section        4  rtexit2.o(.ARM.Collect$$rtexit$$00000003)
    .ARM.Collect$$rtexit$$00000004           0x00000304   Section        6  rtexit2.o(.ARM.Collect$$rtexit$$00000004)
    .text                                    0x0000030c   Section      296  startup_tm4c123.o(.text)
    [Anonymous Symbol]                       0x00000434   Section        0  main.o(.text)
    _GLOBAL__sub_I_main.cpp                  0x000009bd   Thumb Code    16  main.o(.text)
    [Anonymous Symbol]                       0x000009cc   Section        0  pll.o(.text)
    [Anonymous Symbol]                       0x00000a38   Section        0  st7735.o(.text)
    commonInit(unsigned char const*)         0x00000b19   Thumb Code   426  st7735.o(.text)
    commandList(unsigned char const*)        0x00000e61   Thumb Code   172  st7735.o(.text)
    setAddrWindow(unsigned char, unsigned char, unsigned char, unsigned char) 0x00000f95   Thumb Code   322  st7735.o(.text)
    [Anonymous Symbol]                       0x00002b74   Section        0  slidepot.o(.text)
    [Anonymous Symbol]                       0x00002cc8   Section        0  texas.o(.text)
    .text                                    0x00002fe0   Section       78  rt_memclr_w.o(.text)
    .text                                    0x0000302e   Section        0  heapauxi.o(.text)
    .text                                    0x00003034   Section        0  init_aeabi.o(.text)
    .text                                    0x00003058   Section       74  sys_stackheap_outer.o(.text)
    .text                                    0x000030a2   Section        0  exit.o(.text)
    .text                                    0x000030b4   Section        8  libspace.o(.text)
    .text                                    0x000030bc   Section        2  use_no_semi.o(.text)
    .text                                    0x000030be   Section        0  indicate_semi.o(.text)
    .text                                    0x000030c0   Section        0  sys_exit.o(.text)
    Rcmd2green                               0x000030cc   Data          13  st7735.o(.rodata._ZL10Rcmd2green)
    [Anonymous Symbol]                       0x000030cc   Section        0  st7735.o(.rodata._ZL10Rcmd2green)
    smallCircle                              0x000030da   Data          36  st7735.o(.rodata._ZL11smallCircle)
    [Anonymous Symbol]                       0x000030da   Section        0  st7735.o(.rodata._ZL11smallCircle)
    Bcmd                                     0x000030fe   Data         103  st7735.o(.rodata._ZL4Bcmd)
    [Anonymous Symbol]                       0x000030fe   Section        0  st7735.o(.rodata._ZL4Bcmd)
    Font                                     0x00003165   Data        1275  st7735.o(.rodata._ZL4Font)
    [Anonymous Symbol]                       0x00003165   Section        0  st7735.o(.rodata._ZL4Font)
    dBfs                                     0x00003660   Data         512  st7735.o(.rodata._ZL4dBfs)
    [Anonymous Symbol]                       0x00003660   Section        0  st7735.o(.rodata._ZL4dBfs)
    Rcmd1                                    0x00003860   Data          59  st7735.o(.rodata._ZL5Rcmd1)
    [Anonymous Symbol]                       0x00003860   Section        0  st7735.o(.rodata._ZL5Rcmd1)
    Rcmd3                                    0x0000389b   Data          43  st7735.o(.rodata._ZL5Rcmd3)
    [Anonymous Symbol]                       0x0000389b   Section        0  st7735.o(.rodata._ZL5Rcmd3)
    circle                                   0x000038c6   Data          60  st7735.o(.rodata._ZL6circle)
    [Anonymous Symbol]                       0x000038c6   Section        0  st7735.o(.rodata._ZL6circle)
    Rcmd2red                                 0x00003902   Data          13  st7735.o(.rodata._ZL8Rcmd2red)
    [Anonymous Symbol]                       0x00003902   Section        0  st7735.o(.rodata._ZL8Rcmd2red)
    .L.str                                   0x0000390f   Data           5  main.o(.rodata.str1.1)
    [Anonymous Symbol]                       0x0000390f   Section        0  main.o(.rodata.str1.1)
    .L.str                                   0x00003914   Data           6  st7735.o(.rodata.str1.1)
    [Anonymous Symbol]                       0x00003914   Section        0  st7735.o(.rodata.str1.1)
    .init_array                              0x00003940   Section        0  init_aeabi.o(.init_array)
    .bss                                     0x20000008   Section       96  libspace.o(.bss)
    _width                                   0x200001c0   Data           1  st7735.o(.bss._ZL6_width)
    [Anonymous Symbol]                       0x200001c0   Section        0  st7735.o(.bss._ZL6_width)
    _height                                  0x200001c2   Data           1  st7735.o(.bss._ZL7_height)
    [Anonymous Symbol]                       0x200001c2   Section        0  st7735.o(.bss._ZL7_height)
    ColStart                                 0x200001c3   Data           1  st7735.o(.bss._ZL8ColStart)
    [Anonymous Symbol]                       0x200001c3   Section        0  st7735.o(.bss._ZL8ColStart)
    RowStart                                 0x200001c4   Data           1  st7735.o(.bss._ZL8RowStart)
    [Anonymous Symbol]                       0x200001c4   Section        0  st7735.o(.bss._ZL8RowStart)
    TabColor                                 0x200001c5   Data           1  st7735.o(.bss._ZL8TabColor)
    [Anonymous Symbol]                       0x200001c5   Section        0  st7735.o(.bss._ZL8TabColor)
    Heap_Mem                                 0x200001d8   Data         512  startup_tm4c123.o(HEAP)
    HEAP                                     0x200001d8   Section      512  startup_tm4c123.o(HEAP)
    Stack_Mem                                0x200003d8   Data        1024  startup_tm4c123.o(STACK)
    STACK                                    0x200003d8   Section     1024  startup_tm4c123.o(STACK)
    __initial_sp                             0x200007d8   Data           0  startup_tm4c123.o(STACK)

    Global Symbols

    Symbol Name                              Value     Ov Type        Size  Object(Section)

    BuildAttributes$$THM_ISAv4$E$P$D$K$B$S$7EM$PE$A:L22UL41UL21$X:L11$S22US41US21$IEEE1$IW$~IW$USESV6$~STKCKD$USESV7$~SHL$OTIME$ROPI$EBA8$UX$STANDARDLIB$REQ8$PRES8$EABIv2 0x00000000   Number         0  anon$$obj.o ABSOLUTE
    __Vectors                                0x00000000   Data           4  startup_tm4c123.o(RESET)
    __fp_init_empty                          0x00000000   Number         0  fpinit_empty.o ABSOLUTE
    __ARM_exceptions_init                     - Undefined Weak Reference
    __alloca_initialize                       - Undefined Weak Reference
    __arm_preinit_                            - Undefined Weak Reference
    __arm_relocate_pie_                       - Undefined Weak Reference
    __cxa_finalize                            - Undefined Weak Reference
    __rt_locale                               - Undefined Weak Reference
    __sigvec_lookup                           - Undefined Weak Reference
    _atexit_init                              - Undefined Weak Reference
    _call_atexit_fns                          - Undefined Weak Reference
    _clock_init                               - Undefined Weak Reference
    _fp_trap_init                             - Undefined Weak Reference
    _fp_trap_shutdown                         - Undefined Weak Reference
    _get_lc_collate                           - Undefined Weak Reference
    _get_lc_ctype                             - Undefined Weak Reference
    _get_lc_monetary                          - Undefined Weak Reference
    _get_lc_numeric                           - Undefined Weak Reference
    _get_lc_time                              - Undefined Weak Reference
    _getenv_init                              - Undefined Weak Reference
    _handle_redirection                       - Undefined Weak Reference
    _init_alloc                               - Undefined Weak Reference
    _init_user_alloc                          - Undefined Weak Reference
    _initio                                   - Undefined Weak Reference
    _rand_init                                - Undefined Weak Reference
    _signal_finish                            - Undefined Weak Reference
    _signal_init                              - Undefined Weak Reference
    _terminate_alloc                          - Undefined Weak Reference
    _terminate_user_alloc                     - Undefined Weak Reference
    _terminateio                              - Undefined Weak Reference
    __Vectors_End                            0x0000026c   Data           0  startup_tm4c123.o(RESET)
    __Vectors_Size                           0x0000026c   Number         0  startup_tm4c123.o ABSOLUTE
    __main                                   0x0000026d   Thumb Code     8  __main.o(!!!main)
    __scatterload                            0x00000275   Thumb Code     0  __scatter.o(!!!scatter)
    __scatterload_rt2                        0x00000275   Thumb Code    44  __scatter.o(!!!scatter)
    __scatterload_rt2_thumb_only             0x00000275   Thumb Code     0  __scatter.o(!!!scatter)
    __scatterload_null                       0x00000283   Thumb Code     0  __scatter.o(!!!scatter)
    __scatterload_copy                       0x000002a9   Thumb Code    26  __scatter_copy.o(!!handler_copy)
    __scatterload_zeroinit                   0x000002c5   Thumb Code    28  __scatter_zi.o(!!handler_zi)
    __rt_lib_init                            0x000002e1   Thumb Code     0  libinit.o(.ARM.Collect$$libinit$$00000000)
    __rt_lib_init_alloca_1                   0x000002e3   Thumb Code     0  libinit2.o(.ARM.Collect$$libinit$$00000030)
    __rt_lib_init_argv_1                     0x000002e3   Thumb Code     0  libinit2.o(.ARM.Collect$$libinit$$0000002E)
    __rt_lib_init_atexit_1                   0x000002e3   Thumb Code     0  libinit2.o(.ARM.Collect$$libinit$$0000001D)
    __rt_lib_init_clock_1                    0x000002e3   Thumb Code     0  libinit2.o(.ARM.Collect$$libinit$$00000023)
    __rt_lib_init_cpp_2                      0x000002e3   Thumb Code     0  libinit2.o(.ARM.Collect$$libinit$$00000033)
    __rt_lib_init_exceptions_1               0x000002e3   Thumb Code     0  libinit2.o(.ARM.Collect$$libinit$$00000032)
    __rt_lib_init_fp_1                       0x000002e3   Thumb Code     0  libinit2.o(.ARM.Collect$$libinit$$00000002)
    __rt_lib_init_fp_trap_1                  0x000002e3   Thumb Code     0  libinit2.o(.ARM.Collect$$libinit$$00000021)
    __rt_lib_init_getenv_1                   0x000002e3   Thumb Code     0  libinit2.o(.ARM.Collect$$libinit$$00000025)
    __rt_lib_init_heap_1                     0x000002e3   Thumb Code     0  libinit2.o(.ARM.Collect$$libinit$$0000000C)
    __rt_lib_init_lc_collate_1               0x000002e3   Thumb Code     0  libinit2.o(.ARM.Collect$$libinit$$00000013)
    __rt_lib_init_lc_ctype_1                 0x000002e3   Thumb Code     0  libinit2.o(.ARM.Collect$$libinit$$00000015)
    __rt_lib_init_lc_monetary_1              0x000002e3   Thumb Code     0  libinit2.o(.ARM.Collect$$libinit$$00000017)
    __rt_lib_init_lc_numeric_1               0x000002e3   Thumb Code     0  libinit2.o(.ARM.Collect$$libinit$$00000019)
    __rt_lib_init_lc_time_1                  0x000002e3   Thumb Code     0  libinit2.o(.ARM.Collect$$libinit$$0000001B)
    __rt_lib_init_preinit_1                  0x000002e3   Thumb Code     0  libinit2.o(.ARM.Collect$$libinit$$00000006)
    __rt_lib_init_rand_1                     0x000002e3   Thumb Code     0  libinit2.o(.ARM.Collect$$libinit$$00000010)
    __rt_lib_init_relocate_pie_1             0x000002e3   Thumb Code     0  libinit2.o(.ARM.Collect$$libinit$$00000004)
    __rt_lib_init_signal_1                   0x000002e3   Thumb Code     0  libinit2.o(.ARM.Collect$$libinit$$0000001F)
    __rt_lib_init_stdio_1                    0x000002e3   Thumb Code     0  libinit2.o(.ARM.Collect$$libinit$$00000027)
    __rt_lib_init_user_alloc_1               0x000002e3   Thumb Code     0  libinit2.o(.ARM.Collect$$libinit$$0000000E)
    __rt_lib_init_cpp_1                      0x000002e7   Thumb Code     0  libinit2.o(.ARM.Collect$$libinit$$00000034)
    __rt_lib_init_return                     0x000002e7   Thumb Code     0  libinit2.o(.ARM.Collect$$libinit$$00000035)
    __rt_lib_shutdown                        0x000002e9   Thumb Code     0  libshutdown.o(.ARM.Collect$$libshutdown$$00000000)
    __rt_lib_shutdown_cpp_1                  0x000002eb   Thumb Code     0  libshutdown2.o(.ARM.Collect$$libshutdown$$00000002)
    __rt_lib_shutdown_fp_trap_1              0x000002eb   Thumb Code     0  libshutdown2.o(.ARM.Collect$$libshutdown$$00000007)
    __rt_lib_shutdown_heap_1                 0x000002eb   Thumb Code     0  libshutdown2.o(.ARM.Collect$$libshutdown$$0000000F)
    __rt_lib_shutdown_return                 0x000002eb   Thumb Code     0  libshutdown2.o(.ARM.Collect$$libshutdown$$00000010)
    __rt_lib_shutdown_signal_1               0x000002eb   Thumb Code     0  libshutdown2.o(.ARM.Collect$$libshutdown$$0000000A)
    __rt_lib_shutdown_stdio_1                0x000002eb   Thumb Code     0  libshutdown2.o(.ARM.Collect$$libshutdown$$00000004)
    __rt_lib_shutdown_user_alloc_1           0x000002eb   Thumb Code     0  libshutdown2.o(.ARM.Collect$$libshutdown$$0000000C)
    __rt_entry                               0x000002ed   Thumb Code     0  __rtentry.o(.ARM.Collect$$rtentry$$00000000)
    __rt_entry_presh_1                       0x000002ed   Thumb Code     0  __rtentry2.o(.ARM.Collect$$rtentry$$00000002)
    __rt_entry_sh                            0x000002ed   Thumb Code     0  __rtentry4.o(.ARM.Collect$$rtentry$$00000004)
    __rt_entry_li                            0x000002f3   Thumb Code     0  __rtentry2.o(.ARM.Collect$$rtentry$$0000000A)
    __rt_entry_postsh_1                      0x000002f3   Thumb Code     0  __rtentry2.o(.ARM.Collect$$rtentry$$00000009)
    __rt_entry_main                          0x000002f7   Thumb Code     0  __rtentry2.o(.ARM.Collect$$rtentry$$0000000D)
    __rt_entry_postli_1                      0x000002f7   Thumb Code     0  __rtentry2.o(.ARM.Collect$$rtentry$$0000000C)
    __rt_exit                                0x000002ff   Thumb Code     0  rtexit.o(.ARM.Collect$$rtexit$$00000000)
    __rt_exit_ls                             0x00000301   Thumb Code     0  rtexit2.o(.ARM.Collect$$rtexit$$00000003)
    __rt_exit_prels_1                        0x00000301   Thumb Code     0  rtexit2.o(.ARM.Collect$$rtexit$$00000002)
    __rt_exit_exit                           0x00000305   Thumb Code     0  rtexit2.o(.ARM.Collect$$rtexit$$00000004)
    Reset_Handler                            0x0000030d   Thumb Code     4  startup_tm4c123.o(.text)
    DisableInterrupts                        0x00000311   Thumb Code     4  startup_tm4c123.o(.text)
    EnableInterrupts                         0x00000315   Thumb Code     4  startup_tm4c123.o(.text)
    StartCritical                            0x00000319   Thumb Code     8  startup_tm4c123.o(.text)
    EndCritical                              0x00000321   Thumb Code     6  startup_tm4c123.o(.text)
    WaitForInterrupt                         0x00000327   Thumb Code     4  startup_tm4c123.o(.text)
    NMI_Handler                              0x0000032b   Thumb Code     2  startup_tm4c123.o(.text)
    HardFault_Handler                        0x0000032d   Thumb Code     2  startup_tm4c123.o(.text)
    MemManage_Handler                        0x0000032f   Thumb Code     2  startup_tm4c123.o(.text)
    BusFault_Handler                         0x00000331   Thumb Code     2  startup_tm4c123.o(.text)
    UsageFault_Handler                       0x00000333   Thumb Code     2  startup_tm4c123.o(.text)
    SVC_Handler                              0x00000335   Thumb Code     2  startup_tm4c123.o(.text)
    DebugMon_Handler                         0x00000337   Thumb Code     2  startup_tm4c123.o(.text)
    PendSV_Handler                           0x00000339   Thumb Code     2  startup_tm4c123.o(.text)
    SysTick_Handler                          0x0000033b   Thumb Code     2  startup_tm4c123.o(.text)
    GPIOA_Handler                            0x0000033d   Thumb Code     2  startup_tm4c123.o(.text)
    GPIOB_Handler                            0x0000033f   Thumb Code     2  startup_tm4c123.o(.text)
    GPIOC_Handler                            0x00000341   Thumb Code     2  startup_tm4c123.o(.text)
    GPIOD_Handler                            0x00000343   Thumb Code     2  startup_tm4c123.o(.text)
    GPIOE_Handler                            0x00000345   Thumb Code     2  startup_tm4c123.o(.text)
    UART0_Handler                            0x00000347   Thumb Code     2  startup_tm4c123.o(.text)
    UART1_Handler                            0x00000349   Thumb Code     2  startup_tm4c123.o(.text)
    SSI0_Handler                             0x0000034b   Thumb Code     2  startup_tm4c123.o(.text)
    I2C0_Handler                             0x0000034d   Thumb Code     2  startup_tm4c123.o(.text)
    PMW0_FAULT_Handler                       0x0000034f   Thumb Code     2  startup_tm4c123.o(.text)
    PWM0_0_Handler                           0x00000351   Thumb Code     2  startup_tm4c123.o(.text)
    PWM0_1_Handler                           0x00000353   Thumb Code     2  startup_tm4c123.o(.text)
    PWM0_2_Handler                           0x00000355   Thumb Code     2  startup_tm4c123.o(.text)
    QEI0_Handler                             0x00000357   Thumb Code     2  startup_tm4c123.o(.text)
    ADC0SS0_Handler                          0x00000359   Thumb Code     2  startup_tm4c123.o(.text)
    ADC0SS1_Handler                          0x0000035b   Thumb Code     2  startup_tm4c123.o(.text)
    ADC0SS2_Handler                          0x0000035d   Thumb Code     2  startup_tm4c123.o(.text)
    ADC0SS3_Handler                          0x0000035f   Thumb Code     2  startup_tm4c123.o(.text)
    WDT0_Handler                             0x00000361   Thumb Code     2  startup_tm4c123.o(.text)
    TIMER0A_Handler                          0x00000363   Thumb Code     2  startup_tm4c123.o(.text)
    TIMER0B_Handler                          0x00000365   Thumb Code     2  startup_tm4c123.o(.text)
    TIMER1A_Handler                          0x00000367   Thumb Code     2  startup_tm4c123.o(.text)
    TIMER1B_Handler                          0x00000369   Thumb Code     2  startup_tm4c123.o(.text)
    TIMER2A_Handler                          0x0000036b   Thumb Code     2  startup_tm4c123.o(.text)
    TIMER2B_Handler                          0x0000036d   Thumb Code     2  startup_tm4c123.o(.text)
    COMP0_Handler                            0x0000036f   Thumb Code     2  startup_tm4c123.o(.text)
    COMP1_Handler                            0x00000371   Thumb Code     2  startup_tm4c123.o(.text)
    COMP2_Handler                            0x00000373   Thumb Code     2  startup_tm4c123.o(.text)
    SYSCTL_Handler                           0x00000375   Thumb Code     2  startup_tm4c123.o(.text)
    FLASH_Handler                            0x00000377   Thumb Code     2  startup_tm4c123.o(.text)
    GPIOF_Handler                            0x00000379   Thumb Code     2  startup_tm4c123.o(.text)
    GPIOG_Handler                            0x0000037b   Thumb Code     2  startup_tm4c123.o(.text)
    GPIOH_Handler                            0x0000037d   Thumb Code     2  startup_tm4c123.o(.text)
    UART2_Handler                            0x0000037f   Thumb Code     2  startup_tm4c123.o(.text)
    SSI1_Handler                             0x00000381   Thumb Code     2  startup_tm4c123.o(.text)
    TIMER3B_Handler                          0x00000385   Thumb Code     2  startup_tm4c123.o(.text)
    I2C1_Handler                             0x00000387   Thumb Code     2  startup_tm4c123.o(.text)
    QEI1_Handler                             0x00000389   Thumb Code     2  startup_tm4c123.o(.text)
    CAN0_Handler                             0x0000038b   Thumb Code     2  startup_tm4c123.o(.text)
    CAN1_Handler                             0x0000038d   Thumb Code     2  startup_tm4c123.o(.text)
    CAN2_Handler                             0x0000038f   Thumb Code     2  startup_tm4c123.o(.text)
    HIB_Handler                              0x00000391   Thumb Code     2  startup_tm4c123.o(.text)
    USB0_Handler                             0x00000393   Thumb Code     2  startup_tm4c123.o(.text)
    PWM0_3_Handler                           0x00000395   Thumb Code     2  startup_tm4c123.o(.text)
    UDMA_Handler                             0x00000397   Thumb Code     2  startup_tm4c123.o(.text)
    UDMAERR_Handler                          0x00000399   Thumb Code     2  startup_tm4c123.o(.text)
    ADC1SS0_Handler                          0x0000039b   Thumb Code     2  startup_tm4c123.o(.text)
    ADC1SS1_Handler                          0x0000039d   Thumb Code     2  startup_tm4c123.o(.text)
    ADC1SS2_Handler                          0x0000039f   Thumb Code     2  startup_tm4c123.o(.text)
    ADC1SS3_Handler                          0x000003a1   Thumb Code     2  startup_tm4c123.o(.text)
    GPIOJ_Handler                            0x000003a3   Thumb Code     2  startup_tm4c123.o(.text)
    GPIOK_Handler                            0x000003a5   Thumb Code     2  startup_tm4c123.o(.text)
    GPIOL_Handler                            0x000003a7   Thumb Code     2  startup_tm4c123.o(.text)
    SSI2_Handler                             0x000003a9   Thumb Code     2  startup_tm4c123.o(.text)
    SSI3_Handler                             0x000003ab   Thumb Code     2  startup_tm4c123.o(.text)
    UART3_Handler                            0x000003ad   Thumb Code     2  startup_tm4c123.o(.text)
    UART4_Handler                            0x000003af   Thumb Code     2  startup_tm4c123.o(.text)
    UART5_Handler                            0x000003b1   Thumb Code     2  startup_tm4c123.o(.text)
    UART6_Handler                            0x000003b3   Thumb Code     2  startup_tm4c123.o(.text)
    UART7_Handler                            0x000003b5   Thumb Code     2  startup_tm4c123.o(.text)
    I2C2_Handler                             0x000003b7   Thumb Code     2  startup_tm4c123.o(.text)
    I2C3_Handler                             0x000003b9   Thumb Code     2  startup_tm4c123.o(.text)
    TIMER4A_Handler                          0x000003bb   Thumb Code     2  startup_tm4c123.o(.text)
    TIMER4B_Handler                          0x000003bd   Thumb Code     2  startup_tm4c123.o(.text)
    TIMER5B_Handler                          0x000003c1   Thumb Code     2  startup_tm4c123.o(.text)
    WTIMER0A_Handler                         0x000003c3   Thumb Code     2  startup_tm4c123.o(.text)
    WTIMER0B_Handler                         0x000003c5   Thumb Code     2  startup_tm4c123.o(.text)
    WTIMER1A_Handler                         0x000003c7   Thumb Code     2  startup_tm4c123.o(.text)
    WTIMER1B_Handler                         0x000003c9   Thumb Code     2  startup_tm4c123.o(.text)
    WTIMER2A_Handler                         0x000003cb   Thumb Code     2  startup_tm4c123.o(.text)
    WTIMER2B_Handler                         0x000003cd   Thumb Code     2  startup_tm4c123.o(.text)
    WTIMER3A_Handler                         0x000003cf   Thumb Code     2  startup_tm4c123.o(.text)
    WTIMER3B_Handler                         0x000003d1   Thumb Code     2  startup_tm4c123.o(.text)
    WTIMER4A_Handler                         0x000003d3   Thumb Code     2  startup_tm4c123.o(.text)
    WTIMER4B_Handler                         0x000003d5   Thumb Code     2  startup_tm4c123.o(.text)
    WTIMER5A_Handler                         0x000003d7   Thumb Code     2  startup_tm4c123.o(.text)
    WTIMER5B_Handler                         0x000003d9   Thumb Code     2  startup_tm4c123.o(.text)
    FPU_Handler                              0x000003db   Thumb Code     2  startup_tm4c123.o(.text)
    I2C4_Handler                             0x000003dd   Thumb Code     2  startup_tm4c123.o(.text)
    I2C5_Handler                             0x000003df   Thumb Code     2  startup_tm4c123.o(.text)
    GPIOM_Handler                            0x000003e1   Thumb Code     2  startup_tm4c123.o(.text)
    GPION_Handler                            0x000003e3   Thumb Code     2  startup_tm4c123.o(.text)
    QEI2_Handler                             0x000003e5   Thumb Code     2  startup_tm4c123.o(.text)
    GPIOP0_Handler                           0x000003e7   Thumb Code     2  startup_tm4c123.o(.text)
    GPIOP1_Handler                           0x000003e9   Thumb Code     2  startup_tm4c123.o(.text)
    GPIOP2_Handler                           0x000003eb   Thumb Code     2  startup_tm4c123.o(.text)
    GPIOP3_Handler                           0x000003ed   Thumb Code     2  startup_tm4c123.o(.text)
    GPIOP4_Handler                           0x000003ef   Thumb Code     2  startup_tm4c123.o(.text)
    GPIOP5_Handler                           0x000003f1   Thumb Code     2  startup_tm4c123.o(.text)
    GPIOP6_Handler                           0x000003f3   Thumb Code     2  startup_tm4c123.o(.text)
    GPIOP7_Handler                           0x000003f5   Thumb Code     2  startup_tm4c123.o(.text)
    GPIOQ0_Handler                           0x000003f7   Thumb Code     2  startup_tm4c123.o(.text)
    GPIOQ1_Handler                           0x000003f9   Thumb Code     2  startup_tm4c123.o(.text)
    GPIOQ2_Handler                           0x000003fb   Thumb Code     2  startup_tm4c123.o(.text)
    GPIOQ3_Handler                           0x000003fd   Thumb Code     2  startup_tm4c123.o(.text)
    GPIOQ4_Handler                           0x000003ff   Thumb Code     2  startup_tm4c123.o(.text)
    GPIOQ5_Handler                           0x00000401   Thumb Code     2  startup_tm4c123.o(.text)
    GPIOQ6_Handler                           0x00000403   Thumb Code     2  startup_tm4c123.o(.text)
    GPIOQ7_Handler                           0x00000405   Thumb Code     2  startup_tm4c123.o(.text)
    GPIOR_Handler                            0x00000407   Thumb Code     2  startup_tm4c123.o(.text)
    GPIOS_Handler                            0x00000409   Thumb Code     2  startup_tm4c123.o(.text)
    PMW1_0_Handler                           0x0000040b   Thumb Code     2  startup_tm4c123.o(.text)
    PWM1_1_Handler                           0x0000040d   Thumb Code     2  startup_tm4c123.o(.text)
    PWM1_2_Handler                           0x0000040f   Thumb Code     2  startup_tm4c123.o(.text)
    PWM1_3_Handler                           0x00000411   Thumb Code     2  startup_tm4c123.o(.text)
    PWM1_FAULT_Handler                       0x00000413   Thumb Code     2  startup_tm4c123.o(.text)
    __user_initial_stackheap                 0x00000415   Thumb Code     0  startup_tm4c123.o(.text)
    Timer3A_Init(unsigned int, unsigned int) 0x00000435   Thumb Code   108  main.o(.text)
    Timer3A_Stop()                           0x000004a1   Thumb Code    26  main.o(.text)
    PortF_Init()                             0x000004bd   Thumb Code    54  main.o(.text)
    main1()                                  0x000004f5   Thumb Code    32  main.o(.text)
    main2()                                  0x00000515   Thumb Code   186  main.o(.text)
    main3()                                  0x000005d1   Thumb Code   372  main.o(.text)
    main4()                                  0x00000745   Thumb Code   316  main.o(.text)
    main                                     0x00000889   Thumb Code   236  main.o(.text)
    TIMER3A_Handler                          0x0000097d   Thumb Code    62  main.o(.text)
    PLL_Init(unsigned int)                   0x000009cd   Thumb Code   106  pll.o(.text)
    Delay1ms(unsigned int)                   0x00000a39   Thumb Code    38  st7735.o(.text)
    ST7735_InitB()                           0x00000a61   Thumb Code   184  st7735.o(.text)
    ST7735_SetCursor(unsigned int, unsigned int) 0x00000cc5   Thumb Code    32  st7735.o(.text)
    ST7735_FillScreen(unsigned short)        0x00000ce5   Thumb Code    68  st7735.o(.text)
    ST7735_InitR(initRFlags)                 0x00000d29   Thumb Code   312  st7735.o(.text)
    ST7735_DrawPixel(short, short, unsigned short) 0x00000f0d   Thumb Code   134  st7735.o(.text)
    ST7735_DrawFastVLine(short, short, short, unsigned short) 0x000010d9   Thumb Code   152  st7735.o(.text)
    ST7735_DrawFastHLine(short, short, short, unsigned short) 0x00001171   Thumb Code   152  st7735.o(.text)
    ST7735_FillRect(short, short, short, short, unsigned short) 0x00001209   Thumb Code   200  st7735.o(.text)
    ST7735_DrawSmallCircle(short, short, unsigned short) 0x000012d1   Thumb Code   202  st7735.o(.text)
    ST7735_DrawCircle(short, short, unsigned short) 0x0000139d   Thumb Code   202  st7735.o(.text)
    ST7735_Color565(unsigned char, unsigned char, unsigned char) 0x00001469   Thumb Code    20  st7735.o(.text)
    ST7735_SwapColor(unsigned short)         0x0000147d   Thumb Code    16  st7735.o(.text)
    ST7735_DrawBitmap(short, short, unsigned short const*, short, short) 0x0000148d   Thumb Code   334  st7735.o(.text)
    ST7735_DrawCharS(short, short, char, short, short, unsigned char) 0x000015dd   Thumb Code   564  st7735.o(.text)
    ST7735_DrawChar(short, short, char, short, short, unsigned char) 0x00001811   Thumb Code   350  st7735.o(.text)
    ST7735_DrawString(unsigned short, unsigned short, char*, short) 0x00001971   Thumb Code   106  st7735.o(.text)
    fillmessage(unsigned int)                0x000019dd   Thumb Code    70  st7735.o(.text)
    ST7735_OutUDec(unsigned int)             0x00001a25   Thumb Code   208  st7735.o(.text)
    ST7735_OutFix(unsigned int)              0x00001af5   Thumb Code   260  st7735.o(.text)
    ST7735_OutString                         0x00001bf9   Thumb Code    28  st7735.o(.text)
    ST7735_OutChar                           0x00001c15   Thumb Code   264  st7735.o(.text)
    ST7735_SetRotation(unsigned char)        0x00001d35   Thumb Code   258  st7735.o(.text)
    ST7735_InvertDisplay(int)                0x00001e39   Thumb Code    88  st7735.o(.text)
    ST7735_PlotClear(int, int)               0x00001e91   Thumb Code   186  st7735.o(.text)
    ST7735_PlotPoint(int)                    0x00001f4d   Thumb Code   588  st7735.o(.text)
    ST7735_PlotLine(int)                     0x00002199   Thumb Code   950  st7735.o(.text)
    ST7735_PlotPoints(int, int)              0x00002551   Thumb Code   394  st7735.o(.text)
    ST7735_PlotBar(int)                      0x000026dd   Thumb Code   218  st7735.o(.text)
    ST7735_PlotdBfs(int)                     0x000027b9   Thumb Code   186  st7735.o(.text)
    ST7735_PlotNext()                        0x00002875   Thumb Code    22  st7735.o(.text)
    ST7735_PlotNextErase()                   0x0000288d   Thumb Code   150  st7735.o(.text)
    ST7735_SetTextColor(unsigned short)      0x00002925   Thumb Code    12  st7735.o(.text)
    Output_Init()                            0x00002931   Thumb Code   144  st7735.o(.text)
    Output_Clear()                           0x000029c1   Thumb Code   140  st7735.o(.text)
    Output_Off()                             0x00002a4d   Thumb Code   140  st7735.o(.text)
    Output_On()                              0x00002ad9   Thumb Code   144  st7735.o(.text)
    Output_Color(unsigned int)               0x00002b69   Thumb Code    12  st7735.o(.text)
    ADC_Init()                               0x00002b75   Thumb Code   208  slidepot.o(.text)
    ADC_In()                                 0x00002c45   Thumb Code    38  slidepot.o(.text)
    SlidePot::SlidePot(unsigned int, unsigned int) 0x00002c6d   Thumb Code    14  slidepot.o(.text)
    SlidePot::SlidePot__sub_object(unsigned int, unsigned int) 0x00002c6d   Thumb Code    14  slidepot.o(.text)
    SlidePot::Save(unsigned int)             0x00002c7d   Thumb Code    32  slidepot.o(.text)
    SlidePot::Convert(unsigned int)          0x00002c9d   Thumb Code    24  slidepot.o(.text)
    SlidePot::Sync()                         0x00002cb5   Thumb Code    12  slidepot.o(.text)
    SlidePot::ADCsample()                    0x00002cc1   Thumb Code     4  slidepot.o(.text)
    SlidePot::Distance()                     0x00002cc5   Thumb Code     4  slidepot.o(.text)
    TExaS_Init()                             0x00002cc9   Thumb Code   400  texas.o(.text)
    UART0_Init()                             0x00002e59   Thumb Code   154  texas.o(.text)
    ADC1_Init()                              0x00002ef5   Thumb Code   172  texas.o(.text)
    TIMER5A_Handler                          0x00002fa1   Thumb Code    36  texas.o(.text)
    TExaS_Stop()                             0x00002fc5   Thumb Code    28  texas.o(.text)
    __aeabi_memclr4                          0x00002fe1   Thumb Code     0  rt_memclr_w.o(.text)
    __aeabi_memclr8                          0x00002fe1   Thumb Code     0  rt_memclr_w.o(.text)
    __rt_memclr_w                            0x00002fe1   Thumb Code     0  rt_memclr_w.o(.text)
    _memset_w                                0x00002fe5   Thumb Code    74  rt_memclr_w.o(.text)
    __use_two_region_memory                  0x0000302f   Thumb Code     2  heapauxi.o(.text)
    __rt_heap_escrow$2region                 0x00003031   Thumb Code     2  heapauxi.o(.text)
    __rt_heap_expand$2region                 0x00003033   Thumb Code     2  heapauxi.o(.text)
    __cpp_initialize__aeabi_                 0x00003035   Thumb Code    28  init_aeabi.o(.text)
    __user_setup_stackheap                   0x00003059   Thumb Code    74  sys_stackheap_outer.o(.text)
    exit                                     0x000030a3   Thumb Code    18  exit.o(.text)
    __user_libspace                          0x000030b5   Thumb Code     8  libspace.o(.text)
    __user_perproc_libspace                  0x000030b5   Thumb Code     0  libspace.o(.text)
    __user_perthread_libspace                0x000030b5   Thumb Code     0  libspace.o(.text)
    __I$use$semihosting                      0x000030bd   Thumb Code     0  use_no_semi.o(.text)
    __use_no_semihosting_swi                 0x000030bd   Thumb Code     2  use_no_semi.o(.text)
    __semihosting_library_function           0x000030bf   Thumb Code     0  indicate_semi.o(.text)
    _sys_exit                                0x000030c1   Thumb Code     8  sys_exit.o(.text)
    Region$$Table$$Base                      0x0000391c   Number         0  anon$$obj.o(Region$$Table)
    Region$$Table$$Limit                     0x0000393c   Number         0  anon$$obj.o(Region$$Table)
    SHT$$INIT_ARRAY$$Base                    0x0000393c   Number         0  main.o(.init_array)
    SHT$$INIT_ARRAY$$Limit                   0x00003940   Number         0  init_aeabi.o(.init_array)
    StTextColor                              0x20000000   Data           2  st7735.o(.data.StTextColor)
    __libspace_start                         0x20000008   Data          96  libspace.o(.bss)
    ADCtime                                  0x20000068   Data           4  main.o(.bss.ADCtime)
    __temporary_stack_top$libspace           0x20000068   Data           0  libspace.o(.bss)
    Center                                   0x2000006c   Data           4  main.o(.bss.Center)
    Converttime                              0x20000070   Data           4  main.o(.bss.Converttime)
    Data                                     0x20000074   Data           4  main.o(.bss.Data)
    Histogram                                0x20000078   Data         256  main.o(.bss.Histogram)
    Message                                  0x20000178   Data          12  st7735.o(.bss.Message)
    Messageindex                             0x20000184   Data           4  st7735.o(.bss.Messageindex)
    OutDectime                               0x20000188   Data           4  main.o(.bss.OutDectime)
    OutFixtime                               0x2000018c   Data           4  main.o(.bss.OutFixtime)
    Position                                 0x20000190   Data           4  main.o(.bss.Position)
    Sensor                                   0x20000194   Data          20  main.o(.bss.Sensor)
    StX                                      0x200001a8   Data           4  st7735.o(.bss.StX)
    StY                                      0x200001ac   Data           4  st7735.o(.bss.StY)
    X                                        0x200001b0   Data           4  st7735.o(.bss.X)
    Ymax                                     0x200001b4   Data           4  st7735.o(.bss.Ymax)
    Ymin                                     0x200001b8   Data           4  st7735.o(.bss.Ymin)
    Yrange                                   0x200001bc   Data           4  st7735.o(.bss.Yrange)
    delay                                    0x200001c8   Data           4  slidepot.o(.bss.delay)
    lastj                                    0x200001cc   Data           4  st7735.o(.bss.lastj)
    startTime                                0x200001d0   Data           4  main.o(.bss.startTime)
    stopTime                                 0x200001d4   Data           4  main.o(.bss.stopTime)



==============================================================================

Memory Map of the image

  Image Entry point : 0x0000026d

  Load Region LR_IROM1 (Base: 0x00000000, Size: 0x00003948, Max: 0x00040000, ABSOLUTE)

    Execution Region ER_IROM1 (Exec base: 0x00000000, Load base: 0x00000000, Size: 0x00003940, Max: 0x00040000, ABSOLUTE)

    Exec Addr    Load Addr    Size         Type   Attr      Idx    E Section Name        Object

    0x00000000   0x00000000   0x0000026c   Data   RO            3    RESET               startup_tm4c123.o
    0x0000026c   0x0000026c   0x00000008   Code   RO           98  * !!!main             c_w.l(__main.o)
    0x00000274   0x00000274   0x00000034   Code   RO          273    !!!scatter          c_w.l(__scatter.o)
    0x000002a8   0x000002a8   0x0000001a   Code   RO          275    !!handler_copy      c_w.l(__scatter_copy.o)
    0x000002c2   0x000002c2   0x00000002   PAD
    0x000002c4   0x000002c4   0x0000001c   Code   RO          277    !!handler_zi        c_w.l(__scatter_zi.o)
    0x000002e0   0x000002e0   0x00000002   Code   RO          190    .ARM.Collect$$libinit$$00000000  c_w.l(libinit.o)
    0x000002e2   0x000002e2   0x00000000   Code   RO          108    .ARM.Collect$$libinit$$00000002  c_w.l(libinit2.o)
    0x000002e2   0x000002e2   0x00000000   Code   RO          110    .ARM.Collect$$libinit$$00000004  c_w.l(libinit2.o)
    0x000002e2   0x000002e2   0x00000000   Code   RO          112    .ARM.Collect$$libinit$$00000006  c_w.l(libinit2.o)
    0x000002e2   0x000002e2   0x00000000   Code   RO          115    .ARM.Collect$$libinit$$0000000C  c_w.l(libinit2.o)
    0x000002e2   0x000002e2   0x00000000   Code   RO          117    .ARM.Collect$$libinit$$0000000E  c_w.l(libinit2.o)
    0x000002e2   0x000002e2   0x00000000   Code   RO          119    .ARM.Collect$$libinit$$00000010  c_w.l(libinit2.o)
    0x000002e2   0x000002e2   0x00000000   Code   RO          122    .ARM.Collect$$libinit$$00000013  c_w.l(libinit2.o)
    0x000002e2   0x000002e2   0x00000000   Code   RO          124    .ARM.Collect$$libinit$$00000015  c_w.l(libinit2.o)
    0x000002e2   0x000002e2   0x00000000   Code   RO          126    .ARM.Collect$$libinit$$00000017  c_w.l(libinit2.o)
    0x000002e2   0x000002e2   0x00000000   Code   RO          128    .ARM.Collect$$libinit$$00000019  c_w.l(libinit2.o)
    0x000002e2   0x000002e2   0x00000000   Code   RO          130    .ARM.Collect$$libinit$$0000001B  c_w.l(libinit2.o)
    0x000002e2   0x000002e2   0x00000000   Code   RO          132    .ARM.Collect$$libinit$$0000001D  c_w.l(libinit2.o)
    0x000002e2   0x000002e2   0x00000000   Code   RO          134    .ARM.Collect$$libinit$$0000001F  c_w.l(libinit2.o)
    0x000002e2   0x000002e2   0x00000000   Code   RO          136    .ARM.Collect$$libinit$$00000021  c_w.l(libinit2.o)
    0x000002e2   0x000002e2   0x00000000   Code   RO          138    .ARM.Collect$$libinit$$00000023  c_w.l(libinit2.o)
    0x000002e2   0x000002e2   0x00000000   Code   RO          140    .ARM.Collect$$libinit$$00000025  c_w.l(libinit2.o)
    0x000002e2   0x000002e2   0x00000000   Code   RO          142    .ARM.Collect$$libinit$$00000027  c_w.l(libinit2.o)
    0x000002e2   0x000002e2   0x00000000   Code   RO          146    .ARM.Collect$$libinit$$0000002E  c_w.l(libinit2.o)
    0x000002e2   0x000002e2   0x00000000   Code   RO          148    .ARM.Collect$$libinit$$00000030  c_w.l(libinit2.o)
    0x000002e2   0x000002e2   0x00000000   Code   RO          150    .ARM.Collect$$libinit$$00000032  c_w.l(libinit2.o)
    0x000002e2   0x000002e2   0x00000004   Code   RO          151    .ARM.Collect$$libinit$$00000033  c_w.l(libinit2.o)
    0x000002e6   0x000002e6   0x00000000   Code   RO          152    .ARM.Collect$$libinit$$00000034  c_w.l(libinit2.o)
    0x000002e6   0x000002e6   0x00000002   Code   RO          153    .ARM.Collect$$libinit$$00000035  c_w.l(libinit2.o)
    0x000002e8   0x000002e8   0x00000002   Code   RO          232    .ARM.Collect$$libshutdown$$00000000  c_w.l(libshutdown.o)
    0x000002ea   0x000002ea   0x00000000   Code   RO          240    .ARM.Collect$$libshutdown$$00000002  c_w.l(libshutdown2.o)
    0x000002ea   0x000002ea   0x00000000   Code   RO          242    .ARM.Collect$$libshutdown$$00000004  c_w.l(libshutdown2.o)
    0x000002ea   0x000002ea   0x00000000   Code   RO          245    .ARM.Collect$$libshutdown$$00000007  c_w.l(libshutdown2.o)
    0x000002ea   0x000002ea   0x00000000   Code   RO          248    .ARM.Collect$$libshutdown$$0000000A  c_w.l(libshutdown2.o)
    0x000002ea   0x000002ea   0x00000000   Code   RO          250    .ARM.Collect$$libshutdown$$0000000C  c_w.l(libshutdown2.o)
    0x000002ea   0x000002ea   0x00000000   Code   RO          253    .ARM.Collect$$libshutdown$$0000000F  c_w.l(libshutdown2.o)
    0x000002ea   0x000002ea   0x00000002   Code   RO          254    .ARM.Collect$$libshutdown$$00000010  c_w.l(libshutdown2.o)
    0x000002ec   0x000002ec   0x00000000   Code   RO          106    .ARM.Collect$$rtentry$$00000000  c_w.l(__rtentry.o)
    0x000002ec   0x000002ec   0x00000000   Code   RO          159    .ARM.Collect$$rtentry$$00000002  c_w.l(__rtentry2.o)
    0x000002ec   0x000002ec   0x00000006   Code   RO          171    .ARM.Collect$$rtentry$$00000004  c_w.l(__rtentry4.o)
    0x000002f2   0x000002f2   0x00000000   Code   RO          161    .ARM.Collect$$rtentry$$00000009  c_w.l(__rtentry2.o)
    0x000002f2   0x000002f2   0x00000004   Code   RO          162    .ARM.Collect$$rtentry$$0000000A  c_w.l(__rtentry2.o)
    0x000002f6   0x000002f6   0x00000000   Code   RO          164    .ARM.Collect$$rtentry$$0000000C  c_w.l(__rtentry2.o)
    0x000002f6   0x000002f6   0x00000008   Code   RO          165    .ARM.Collect$$rtentry$$0000000D  c_w.l(__rtentry2.o)
    0x000002fe   0x000002fe   0x00000002   Code   RO          198    .ARM.Collect$$rtexit$$00000000  c_w.l(rtexit.o)
    0x00000300   0x00000300   0x00000000   Code   RO          210    .ARM.Collect$$rtexit$$00000002  c_w.l(rtexit2.o)
    0x00000300   0x00000300   0x00000004   Code   RO          211    .ARM.Collect$$rtexit$$00000003  c_w.l(rtexit2.o)
    0x00000304   0x00000304   0x00000006   Code   RO          212    .ARM.Collect$$rtexit$$00000004  c_w.l(rtexit2.o)
    0x0000030a   0x0000030a   0x00000002   PAD
    0x0000030c   0x0000030c   0x00000128   Code   RO            4    .text               startup_tm4c123.o
    0x00000434   0x00000434   0x00000598   Code   RO           10    .text               main.o
    0x000009cc   0x000009cc   0x0000006a   Code   RO           33    .text               pll.o
    0x00000a36   0x00000a36   0x00000002   PAD
    0x00000a38   0x00000a38   0x0000213c   Code   RO           41    .text               st7735.o
    0x00002b74   0x00002b74   0x00000154   Code   RO           75    .text               slidepot.o
    0x00002cc8   0x00002cc8   0x00000318   Code   RO           85    .text               texas.o
    0x00002fe0   0x00002fe0   0x0000004e   Code   RO           94    .text               c_w.l(rt_memclr_w.o)
    0x0000302e   0x0000302e   0x00000006   Code   RO           96    .text               c_w.l(heapauxi.o)
    0x00003034   0x00003034   0x00000024   Code   RO          103    .text               c_w.l(init_aeabi.o)
    0x00003058   0x00003058   0x0000004a   Code   RO          177    .text               c_w.l(sys_stackheap_outer.o)
    0x000030a2   0x000030a2   0x00000012   Code   RO          179    .text               c_w.l(exit.o)
    0x000030b4   0x000030b4   0x00000008   Code   RO          195    .text               c_w.l(libspace.o)
    0x000030bc   0x000030bc   0x00000002   Code   RO          206    .text               c_w.l(use_no_semi.o)
    0x000030be   0x000030be   0x00000000   Code   RO          208    .text               c_w.l(indicate_semi.o)
    0x000030be   0x000030be   0x00000002   PAD
    0x000030c0   0x000030c0   0x0000000c   Code   RO          222    .text               c_w.l(sys_exit.o)
    0x000030cc   0x000030cc   0x0000000d   Data   RO           48    .rodata._ZL10Rcmd2green  st7735.o
    0x000030d9   0x000030d9   0x00000001   PAD
    0x000030da   0x000030da   0x00000024   Data   RO           56    .rodata._ZL11smallCircle  st7735.o
    0x000030fe   0x000030fe   0x00000067   Data   RO           46    .rodata._ZL4Bcmd    st7735.o
    0x00003165   0x00003165   0x000004fb   Data   RO           58    .rodata._ZL4Font    st7735.o
    0x00003660   0x00003660   0x00000200   Data   RO           67    .rodata._ZL4dBfs    st7735.o
    0x00003860   0x00003860   0x0000003b   Data   RO           47    .rodata._ZL5Rcmd1   st7735.o
    0x0000389b   0x0000389b   0x0000002b   Data   RO           52    .rodata._ZL5Rcmd3   st7735.o
    0x000038c6   0x000038c6   0x0000003c   Data   RO           57    .rodata._ZL6circle  st7735.o
    0x00003902   0x00003902   0x0000000d   Data   RO           51    .rodata._ZL8Rcmd2red  st7735.o
    0x0000390f   0x0000390f   0x00000005   Data   RO           21    .rodata.str1.1      main.o
    0x00003914   0x00003914   0x00000006   Data   RO           61    .rodata.str1.1      st7735.o
    0x0000391a   0x0000391a   0x00000002   PAD
    0x0000391c   0x0000391c   0x00000020   Data   RO          272    Region$$Table       anon$$obj.o
    0x0000393c   0x0000393c   0x00000004   Data   RO           25    .init_array         main.o
    0x00003940   0x0000393c   0x00000000   Data   RO          101    .init_array         c_w.l(init_aeabi.o)


    Execution Region RW_IRAM1 (Exec base: 0x20000000, Load base: 0x00003940, Size: 0x000007d8, Max: 0x00008000, ABSOLUTE)

    Exec Addr    Load Addr    Size         Type   Attr      Idx    E Section Name        Object

    0x20000000   0x00003940   0x00000002   Data   RW           45    .data.StTextColor   st7735.o
    0x20000002   0x00003942   0x00000006   PAD
    0x20000008        -       0x00000060   Zero   RW          196    .bss                c_w.l(libspace.o)
    0x20000068        -       0x00000004   Zero   RW           17    .bss.ADCtime        main.o
    0x2000006c        -       0x00000004   Zero   RW           23    .bss.Center         main.o
    0x20000070        -       0x00000004   Zero   RW           18    .bss.Converttime    main.o
    0x20000074        -       0x00000004   Zero   RW           13    .bss.Data           main.o
    0x20000078        -       0x00000100   Zero   RW           22    .bss.Histogram      main.o
    0x20000178        -       0x0000000c   Zero   RW           59    .bss.Message        st7735.o
    0x20000184        -       0x00000004   Zero   RW           60    .bss.Messageindex   st7735.o
    0x20000188        -       0x00000004   Zero   RW           19    .bss.OutDectime     main.o
    0x2000018c        -       0x00000004   Zero   RW           20    .bss.OutFixtime     main.o
    0x20000190        -       0x00000004   Zero   RW           14    .bss.Position       main.o
    0x20000194        -       0x00000014   Zero   RW           12    .bss.Sensor         main.o
    0x200001a8        -       0x00000004   Zero   RW           43    .bss.StX            st7735.o
    0x200001ac        -       0x00000004   Zero   RW           44    .bss.StY            st7735.o
    0x200001b0        -       0x00000004   Zero   RW           64    .bss.X              st7735.o
    0x200001b4        -       0x00000004   Zero   RW           62    .bss.Ymax           st7735.o
    0x200001b8        -       0x00000004   Zero   RW           63    .bss.Ymin           st7735.o
    0x200001bc        -       0x00000004   Zero   RW           65    .bss.Yrange         st7735.o
    0x200001c0        -       0x00000001   Zero   RW           54    .bss._ZL6_width     st7735.o
    0x200001c1   0x00003942   0x00000001   PAD
    0x200001c2        -       0x00000001   Zero   RW           55    .bss._ZL7_height    st7735.o
    0x200001c3        -       0x00000001   Zero   RW           49    .bss._ZL8ColStart   st7735.o
    0x200001c4        -       0x00000001   Zero   RW           50    .bss._ZL8RowStart   st7735.o
    0x200001c5        -       0x00000001   Zero   RW           53    .bss._ZL8TabColor   st7735.o
    0x200001c6   0x00003942   0x00000002   PAD
    0x200001c8        -       0x00000004   Zero   RW           77    .bss.delay          slidepot.o
    0x200001cc        -       0x00000004   Zero   RW           66    .bss.lastj          st7735.o
    0x200001d0        -       0x00000004   Zero   RW           15    .bss.startTime      main.o
    0x200001d4        -       0x00000004   Zero   RW           16    .bss.stopTime       main.o
    0x200001d8        -       0x00000200   Zero   RW            2    HEAP                startup_tm4c123.o
    0x200003d8        -       0x00000400   Zero   RW            1    STACK               startup_tm4c123.o


==============================================================================

Image component sizes


      Code (inc. data)   RO Data    RW Data    ZI Data      Debug   Object Name

      1432         16          9          0        312       4510   main.o
       106          0          0          0          0       1564   pll.o
       340          0          0          0          4       3476   slidepot.o
      8508         28       2120          2         49      27328   st7735.o
       296         22        620          0       1536       5580   startup_tm4c123.o
       792          0          0          0          0       2344   texas.o

    ----------------------------------------------------------------------
     11476         66       2784          4       1908      44802   Object Totals
         0          0         32          0          0          0   (incl. Generated)
         2          0          3          2          7          0   (incl. Padding)

    ----------------------------------------------------------------------

      Code (inc. data)   RO Data    RW Data    ZI Data      Debug   Library Member Name

         8          0          0          0          0         68   __main.o
         0          0          0          0          0          0   __rtentry.o
        12          0          0          0          0          0   __rtentry2.o
         6          0          0          0          0          0   __rtentry4.o
        52          8          0          0          0          0   __scatter.o
        26          0          0          0          0          0   __scatter_copy.o
        28          0          0          0          0          0   __scatter_zi.o
        18          0          0          0          0         80   exit.o
         6          0          0          0          0        152   heapauxi.o
         0          0          0          0          0          0   indicate_semi.o
        36          8          0          0          0         80   init_aeabi.o
         2          0          0          0          0          0   libinit.o
         6          0          0          0          0          0   libinit2.o
         2          0          0          0          0          0   libshutdown.o
         2          0          0          0          0          0   libshutdown2.o
         8          4          0          0         96         68   libspace.o
        78          0          0          0          0         80   rt_memclr_w.o
         2          0          0          0          0          0   rtexit.o
        10          0          0          0          0          0   rtexit2.o
        12          4          0          0          0         68   sys_exit.o
        74          0          0          0          0         80   sys_stackheap_outer.o
         2          0          0          0          0         68   use_no_semi.o

    ----------------------------------------------------------------------
       396         24          0          0         96        744   Library Totals
         6          0          0          0          0          0   (incl. Padding)

    ----------------------------------------------------------------------

      Code (inc. data)   RO Data    RW Data    ZI Data      Debug   Library Name

       390         24          0          0         96        744   c_w.l

    ----------------------------------------------------------------------
       396         24          0          0         96        744   Library Totals

    ----------------------------------------------------------------------

==============================================================================


      Code (inc. data)   RO Data    RW Data    ZI Data      Debug   

     11872         90       2784          4       2004      45254   Grand Totals
     11872         90       2784          4       2004      45254   ELF Image Totals
     11872         90       2784          4          0          0   ROM Totals

==============================================================================

    Total RO  Size (Code + RO Data)                14656 (  14.31kB)
    Total RW  Size (RW Data + ZI Data)              2008 (   1.96kB)
    Total ROM Size (Code + RO Data + RW Data)      14660 (  14.32kB)

==============================================================================

